Tue Jan  7 18:03:14 2020 : 哈哈
Tue Jan  7 18:03:27 2020 : 客户端错误
Tue Jan  7 18:03:32 2020 : 客户端错误
Tue Jan  7 18:03:35 2020 : 客户端错误
